// Jest Snapshot v1, https://goo.gl/fbAQLP

exports[`<FullRecipe /> should match default snapshot 1`] = `
<article
  className="sc-bxivhb fjRCXk"
>
  <button
    className="sc-gzVnrw dtJdDF"
    data-test-id="exit"
    onClick={undefined}
  >
    <span
      aria-label="exit-button"
      role="img"
    >
      ❌
    </span>
  </button>
  <div
    className="sc-bZQynM hrlpxY"
  >
    <h1>
      Lemon Cheese Cake
    </h1>
    <button
      className="sc-bdVaJa fDYnfT"
      onClick={undefined}
    >
      <img
        alt="not a favorite Recipe"
        className="sc-htpNat dUtRtU"
        src="EmptyStar.svg"
      />
    </button>
  </div>
  <img
    alt="Lemon Cheese Cake"
    className="sc-ifAKCX euFjZl"
    src="https://s3-eu-west-1.amazonaws.com/s3.mediafileserver.co.uk/carnation/WebFiles/RecipeImages/lemoncheesecake_lg.jpg"
  />
  <h3>
    Cooking Time: 
    40 minutes
  </h3>
  <ul
    className="sc-EHOje dqPlEB"
  >
    <h3>
      To make this recipe at home, you will need:
    </h3>
    <li>
      4
       
      Eggs
    </li>
    <li>
      1 cup
       
      Cream Cheese
    </li>
    <li>
      5
       
      Lemon
    </li>
  </ul>
</article>
`;
