// Jest Snapshot v1, https://goo.gl/fbAQLP

exports[`<Footer /> should match default snapshot 1`] = `
<footer
  style={
    Object {
      "background": "#635155",
      "color": "white",
      "display": "flex",
      "justifyContent": "center",
      "padding": "2%",
    }
  }
>
  Made by 
</footer>
`;
